{
  "workflowRunCount" : 1,
  "studies" : [ "SteveGallingerEarlyCRCAshton" ],
  "sequencerRuns" : [ "150414_D00331_0135_AC6JNJANXX" ],
  "lanes" : [ "150414_D00331_0135_AC6JNJANXX_lane_4" ],
  "samples" : [ "FGICA_0001_Le_R_PE_318_EX", "FGICA_0002_Le_R_PE_316_EX", "FGICA_0003_Le_R_PE_327_EX", "FGICA_0004_Le_R_PE_314_EX", "FGICA_0005_Le_R_PE_302_EX", "FGICA_0006_Le_R_PE_325_EX", "FGICA_0007_Le_R_PE_330_EX" ],
  "workflows" : [ "BamFilterMergeCollapse" ],
  "processingAlgorithms" : [ "ProvisionFiles" ],
  "fileMetaTypes" : [ "application/bam", "application/bam-index" ],
  "maxInputFiles" : 14,
  "minInputFiles" : 14,
  "totalInputFiles" : 14,
  "workflowRuns" : [ {
    "workflowIni" : {
      "bqsr_covariates" : "ReadGroupCovariate,QualityScoreCovariate,CycleCovariate,ContextCovariate,RepeatLengthCovariate,RepeatUnitCovariate,RepeatUnitAndLengthCovariate",
      "chr_sizes" : "chr1,chr2,chr3,chr4,chr5,chr6,chr7,chr8,chr9,chr10,chr11,chr12,chr13,chr14,chr15,chr16,chr17,chr18,chr19,chr20,chr21,chr22,chrX,chrY,chrM",
      "gatk_baserecalibrator_mem" : "9728",
      "gatk_baserecalibrator_nct" : "24",
      "gatk_baserecalibrator_smp" : "20",
      "gatk_baserecalibrator_xmx" : "8192",
      "gatk_dbsnp_vcf" : "/oicr/data/genomes/homo_sapiens_mc/gatkResourceBundle/2.5/dbsnp_137.hg19.vcf",
      "gatk_haplotype_caller_mem" : "12",
      "gatk_haplotype_caller_threads" : "8",
      "gatk_indel_realigner_mem" : "12",
      "gatk_key" : "/.mounts/labs/PDE/data/gatkAnnotationResources/GATK_public.key",
      "gatk_print_reads_mem" : "12",
      "gatk_realign_target_creator_mem" : "12",
      "gatk_sched_overhead_mem" : "4",
      "gatk_unified_genotyper_mem" : "12",
      "gatk_unified_genotyper_threads" : "8",
      "haplotype_caller_genotyping_mode" : "discovery",
      "haplotype_caller_output_mode" : "emit_variants_only",
      "identifier" : "SteveGallingerEarlyCRCAshton_EX",
      "interval_files" : "/.mounts/labs/PDE/data/TargetedSequencingQC/Agilent.SureSelect.All.Exon.V4/SureSelect_All_Exon_V4_Covered_Sorted.bed",
      "interval_padding" : "100",
      "java" : "${workflow_bundle_dir}/Workflow_Bundle_GATK3/1.1/bin/jre1.7.0_51/bin/java",
      "manual_output" : "false",
      "metadata" : "metadata",
      "output_dir" : "seqware-results",
      "perl" : "perl",
      "r_dir" : "/oicr/local/analysis/sw/R/R-3.1.0/",
      "ref_fasta" : "/.mounts/labs/PDE/data/gatkAnnotationResources/hg19_random.fa",
      "stand_call_conf" : "30",
      "stand_emit_conf" : "1",
      "tabix_dir" : "${workflow_bundle_dir}/Workflow_Bundle_GATK3/1.1/bin/tabix-0.2.6/",
      "variant_caller" : "haplotype_caller"
    },
    "files" : [ {
      "studyTitle" : [ "SteveGallingerEarlyCRCAshton" ],
      "studyAttributes" : {
        "study.geo_lab_group_id" : [ [ "198" ] ]
      },
      "experimentName" : [ "Geo_SteveGallingerEarlyCRCAshton_ILLUMINA_EX_{F*126}{..}{R*126}" ],
      "experimentAttributes" : { },
      "sampleName" : [ "FGICA_0001_Le_R_PE_318_EX" ],
      "sampleAttributes" : {
        "sample.geo_library_source_template_type" : [ [ "EX" ] ],
        "sample.geo_prep_kit" : [ [ "Agilent SureSelect XT" ] ],
        "sample.geo_run_id_and_position_and_slot" : [ [ "2257_4_1" ] ],
        "sample.geo_targeted_resequencing" : [ [ "SureSelect v4" ] ],
        "sample.geo_template_id" : [ [ "75549" ] ],
        "sample.geo_template_type" : [ [ "Illumina PE Library Seq" ] ],
        "sample.geo_tissue_origin" : [ [ "Le" ] ],
        "sample.geo_tissue_type" : [ [ "R" ] ]
      },
      "sequencerRunName" : [ "150414_D00331_0135_AC6JNJANXX" ],
      "sequencerRunAttributes" : {
        "sequencerrun.geo_instrument_run_id" : [ [ "2257" ] ]
      },
      "laneName" : [ "150414_D00331_0135_AC6JNJANXX_lane_4" ],
      "laneAttributes" : {
        "lane.geo_lane" : [ [ "4" ] ]
      },
      "iusTag" : [ "CGCTGATC" ],
      "iusAttributes" : { },
      "workflowName" : [ "BamFilterMergeCollapse" ],
      "processingAlgorithm" : [ "ProvisionFiles" ],
      "processingAttributes" : { },
      "fileMetaType" : [ "application/bam-index" ],
      "fileAttributes" : { },
      "fileId" : 1058412227
    }, {
      "studyTitle" : [ "SteveGallingerEarlyCRCAshton" ],
      "studyAttributes" : {
        "study.geo_lab_group_id" : [ [ "198" ] ]
      },
      "experimentName" : [ "Geo_SteveGallingerEarlyCRCAshton_ILLUMINA_EX_{F*126}{..}{R*126}" ],
      "experimentAttributes" : { },
      "sampleName" : [ "FGICA_0001_Le_R_PE_318_EX" ],
      "sampleAttributes" : {
        "sample.geo_library_source_template_type" : [ [ "EX" ] ],
        "sample.geo_prep_kit" : [ [ "Agilent SureSelect XT" ] ],
        "sample.geo_run_id_and_position_and_slot" : [ [ "2257_4_1" ] ],
        "sample.geo_targeted_resequencing" : [ [ "SureSelect v4" ] ],
        "sample.geo_template_id" : [ [ "75549" ] ],
        "sample.geo_template_type" : [ [ "Illumina PE Library Seq" ] ],
        "sample.geo_tissue_origin" : [ [ "Le" ] ],
        "sample.geo_tissue_type" : [ [ "R" ] ]
      },
      "sequencerRunName" : [ "150414_D00331_0135_AC6JNJANXX" ],
      "sequencerRunAttributes" : {
        "sequencerrun.geo_instrument_run_id" : [ [ "2257" ] ]
      },
      "laneName" : [ "150414_D00331_0135_AC6JNJANXX_lane_4" ],
      "laneAttributes" : {
        "lane.geo_lane" : [ [ "4" ] ]
      },
      "iusTag" : [ "CGCTGATC" ],
      "iusAttributes" : { },
      "workflowName" : [ "BamFilterMergeCollapse" ],
      "processingAlgorithm" : [ "ProvisionFiles" ],
      "processingAttributes" : { },
      "fileMetaType" : [ "application/bam" ],
      "fileAttributes" : { },
      "fileId" : 1058412231
    }, {
      "studyTitle" : [ "SteveGallingerEarlyCRCAshton" ],
      "studyAttributes" : {
        "study.geo_lab_group_id" : [ [ "198" ] ]
      },
      "experimentName" : [ "Geo_SteveGallingerEarlyCRCAshton_ILLUMINA_EX_{F*126}{..}{R*126}" ],
      "experimentAttributes" : { },
      "sampleName" : [ "FGICA_0002_Le_R_PE_316_EX" ],
      "sampleAttributes" : {
        "sample.geo_library_source_template_type" : [ [ "EX" ] ],
        "sample.geo_prep_kit" : [ [ "Agilent SureSelect XT" ] ],
        "sample.geo_run_id_and_position_and_slot" : [ [ "2257_4_1" ] ],
        "sample.geo_targeted_resequencing" : [ [ "SureSelect v4" ] ],
        "sample.geo_template_id" : [ [ "75550" ] ],
        "sample.geo_template_type" : [ [ "Illumina PE Library Seq" ] ],
        "sample.geo_tissue_origin" : [ [ "Le" ] ],
        "sample.geo_tissue_type" : [ [ "R" ] ]
      },
      "sequencerRunName" : [ "150414_D00331_0135_AC6JNJANXX" ],
      "sequencerRunAttributes" : {
        "sequencerrun.geo_instrument_run_id" : [ [ "2257" ] ]
      },
      "laneName" : [ "150414_D00331_0135_AC6JNJANXX_lane_4" ],
      "laneAttributes" : {
        "lane.geo_lane" : [ [ "4" ] ]
      },
      "iusTag" : [ "ACAAGCTA" ],
      "iusAttributes" : { },
      "workflowName" : [ "BamFilterMergeCollapse" ],
      "processingAlgorithm" : [ "ProvisionFiles" ],
      "processingAttributes" : { },
      "fileMetaType" : [ "application/bam-index" ],
      "fileAttributes" : { },
      "fileId" : -1356132697
    }, {
      "studyTitle" : [ "SteveGallingerEarlyCRCAshton" ],
      "studyAttributes" : {
        "study.geo_lab_group_id" : [ [ "198" ] ]
      },
      "experimentName" : [ "Geo_SteveGallingerEarlyCRCAshton_ILLUMINA_EX_{F*126}{..}{R*126}" ],
      "experimentAttributes" : { },
      "sampleName" : [ "FGICA_0002_Le_R_PE_316_EX" ],
      "sampleAttributes" : {
        "sample.geo_library_source_template_type" : [ [ "EX" ] ],
        "sample.geo_prep_kit" : [ [ "Agilent SureSelect XT" ] ],
        "sample.geo_run_id_and_position_and_slot" : [ [ "2257_4_1" ] ],
        "sample.geo_targeted_resequencing" : [ [ "SureSelect v4" ] ],
        "sample.geo_template_id" : [ [ "75550" ] ],
        "sample.geo_template_type" : [ [ "Illumina PE Library Seq" ] ],
        "sample.geo_tissue_origin" : [ [ "Le" ] ],
        "sample.geo_tissue_type" : [ [ "R" ] ]
      },
      "sequencerRunName" : [ "150414_D00331_0135_AC6JNJANXX" ],
      "sequencerRunAttributes" : {
        "sequencerrun.geo_instrument_run_id" : [ [ "2257" ] ]
      },
      "laneName" : [ "150414_D00331_0135_AC6JNJANXX_lane_4" ],
      "laneAttributes" : {
        "lane.geo_lane" : [ [ "4" ] ]
      },
      "iusTag" : [ "ACAAGCTA" ],
      "iusAttributes" : { },
      "workflowName" : [ "BamFilterMergeCollapse" ],
      "processingAlgorithm" : [ "ProvisionFiles" ],
      "processingAttributes" : { },
      "fileMetaType" : [ "application/bam" ],
      "fileAttributes" : { },
      "fileId" : -1356132693
    }, {
      "studyTitle" : [ "SteveGallingerEarlyCRCAshton" ],
      "studyAttributes" : {
        "study.geo_lab_group_id" : [ [ "198" ] ]
      },
      "experimentName" : [ "Geo_SteveGallingerEarlyCRCAshton_ILLUMINA_EX_{F*126}{..}{R*126}" ],
      "experimentAttributes" : { },
      "sampleName" : [ "FGICA_0003_Le_R_PE_327_EX" ],
      "sampleAttributes" : {
        "sample.geo_library_source_template_type" : [ [ "EX" ] ],
        "sample.geo_prep_kit" : [ [ "Agilent SureSelect XT" ] ],
        "sample.geo_run_id_and_position_and_slot" : [ [ "2257_4_1" ] ],
        "sample.geo_targeted_resequencing" : [ [ "SureSelect v4" ] ],
        "sample.geo_template_id" : [ [ "75551" ] ],
        "sample.geo_template_type" : [ [ "Illumina PE Library Seq" ] ],
        "sample.geo_tissue_origin" : [ [ "Le" ] ],
        "sample.geo_tissue_type" : [ [ "R" ] ]
      },
      "sequencerRunName" : [ "150414_D00331_0135_AC6JNJANXX" ],
      "sequencerRunAttributes" : {
        "sequencerrun.geo_instrument_run_id" : [ [ "2257" ] ]
      },
      "laneName" : [ "150414_D00331_0135_AC6JNJANXX_lane_4" ],
      "laneAttributes" : {
        "lane.geo_lane" : [ [ "4" ] ]
      },
      "iusTag" : [ "CTGTAGCC" ],
      "iusAttributes" : { },
      "workflowName" : [ "BamFilterMergeCollapse" ],
      "processingAlgorithm" : [ "ProvisionFiles" ],
      "processingAttributes" : { },
      "fileMetaType" : [ "application/bam-index" ],
      "fileAttributes" : { },
      "fileId" : -300591225
    }, {
      "studyTitle" : [ "SteveGallingerEarlyCRCAshton" ],
      "studyAttributes" : {
        "study.geo_lab_group_id" : [ [ "198" ] ]
      },
      "experimentName" : [ "Geo_SteveGallingerEarlyCRCAshton_ILLUMINA_EX_{F*126}{..}{R*126}" ],
      "experimentAttributes" : { },
      "sampleName" : [ "FGICA_0003_Le_R_PE_327_EX" ],
      "sampleAttributes" : {
        "sample.geo_library_source_template_type" : [ [ "EX" ] ],
        "sample.geo_prep_kit" : [ [ "Agilent SureSelect XT" ] ],
        "sample.geo_run_id_and_position_and_slot" : [ [ "2257_4_1" ] ],
        "sample.geo_targeted_resequencing" : [ [ "SureSelect v4" ] ],
        "sample.geo_template_id" : [ [ "75551" ] ],
        "sample.geo_template_type" : [ [ "Illumina PE Library Seq" ] ],
        "sample.geo_tissue_origin" : [ [ "Le" ] ],
        "sample.geo_tissue_type" : [ [ "R" ] ]
      },
      "sequencerRunName" : [ "150414_D00331_0135_AC6JNJANXX" ],
      "sequencerRunAttributes" : {
        "sequencerrun.geo_instrument_run_id" : [ [ "2257" ] ]
      },
      "laneName" : [ "150414_D00331_0135_AC6JNJANXX_lane_4" ],
      "laneAttributes" : {
        "lane.geo_lane" : [ [ "4" ] ]
      },
      "iusTag" : [ "CTGTAGCC" ],
      "iusAttributes" : { },
      "workflowName" : [ "BamFilterMergeCollapse" ],
      "processingAlgorithm" : [ "ProvisionFiles" ],
      "processingAttributes" : { },
      "fileMetaType" : [ "application/bam" ],
      "fileAttributes" : { },
      "fileId" : -300591221
    }, {
      "studyTitle" : [ "SteveGallingerEarlyCRCAshton" ],
      "studyAttributes" : {
        "study.geo_lab_group_id" : [ [ "198" ] ]
      },
      "experimentName" : [ "Geo_SteveGallingerEarlyCRCAshton_ILLUMINA_EX_{F*126}{..}{R*126}" ],
      "experimentAttributes" : { },
      "sampleName" : [ "FGICA_0004_Le_R_PE_314_EX" ],
      "sampleAttributes" : {
        "sample.geo_library_source_template_type" : [ [ "EX" ] ],
        "sample.geo_prep_kit" : [ [ "Agilent SureSelect XT" ] ],
        "sample.geo_run_id_and_position_and_slot" : [ [ "2257_4_1" ] ],
        "sample.geo_targeted_resequencing" : [ [ "SureSelect v4" ] ],
        "sample.geo_template_id" : [ [ "75552" ] ],
        "sample.geo_template_type" : [ [ "Illumina PE Library Seq" ] ],
        "sample.geo_tissue_origin" : [ [ "Le" ] ],
        "sample.geo_tissue_type" : [ [ "R" ] ]
      },
      "sequencerRunName" : [ "150414_D00331_0135_AC6JNJANXX" ],
      "sequencerRunAttributes" : {
        "sequencerrun.geo_instrument_run_id" : [ [ "2257" ] ]
      },
      "laneName" : [ "150414_D00331_0135_AC6JNJANXX_lane_4" ],
      "laneAttributes" : {
        "lane.geo_lane" : [ [ "4" ] ]
      },
      "iusTag" : [ "AGTACAAG" ],
      "iusAttributes" : { },
      "workflowName" : [ "BamFilterMergeCollapse" ],
      "processingAlgorithm" : [ "ProvisionFiles" ],
      "processingAttributes" : { },
      "fileMetaType" : [ "application/bam-index" ],
      "fileAttributes" : { },
      "fileId" : -1803855096
    }, {
      "studyTitle" : [ "SteveGallingerEarlyCRCAshton" ],
      "studyAttributes" : {
        "study.geo_lab_group_id" : [ [ "198" ] ]
      },
      "experimentName" : [ "Geo_SteveGallingerEarlyCRCAshton_ILLUMINA_EX_{F*126}{..}{R*126}" ],
      "experimentAttributes" : { },
      "sampleName" : [ "FGICA_0004_Le_R_PE_314_EX" ],
      "sampleAttributes" : {
        "sample.geo_library_source_template_type" : [ [ "EX" ] ],
        "sample.geo_prep_kit" : [ [ "Agilent SureSelect XT" ] ],
        "sample.geo_run_id_and_position_and_slot" : [ [ "2257_4_1" ] ],
        "sample.geo_targeted_resequencing" : [ [ "SureSelect v4" ] ],
        "sample.geo_template_id" : [ [ "75552" ] ],
        "sample.geo_template_type" : [ [ "Illumina PE Library Seq" ] ],
        "sample.geo_tissue_origin" : [ [ "Le" ] ],
        "sample.geo_tissue_type" : [ [ "R" ] ]
      },
      "sequencerRunName" : [ "150414_D00331_0135_AC6JNJANXX" ],
      "sequencerRunAttributes" : {
        "sequencerrun.geo_instrument_run_id" : [ [ "2257" ] ]
      },
      "laneName" : [ "150414_D00331_0135_AC6JNJANXX_lane_4" ],
      "laneAttributes" : {
        "lane.geo_lane" : [ [ "4" ] ]
      },
      "iusTag" : [ "AGTACAAG" ],
      "iusAttributes" : { },
      "workflowName" : [ "BamFilterMergeCollapse" ],
      "processingAlgorithm" : [ "ProvisionFiles" ],
      "processingAttributes" : { },
      "fileMetaType" : [ "application/bam" ],
      "fileAttributes" : { },
      "fileId" : -1803855092
    }, {
      "studyTitle" : [ "SteveGallingerEarlyCRCAshton" ],
      "studyAttributes" : {
        "study.geo_lab_group_id" : [ [ "198" ] ]
      },
      "experimentName" : [ "Geo_SteveGallingerEarlyCRCAshton_ILLUMINA_EX_{F*126}{..}{R*126}" ],
      "experimentAttributes" : { },
      "sampleName" : [ "FGICA_0005_Le_R_PE_302_EX" ],
      "sampleAttributes" : {
        "sample.geo_library_source_template_type" : [ [ "EX" ] ],
        "sample.geo_prep_kit" : [ [ "Agilent SureSelect XT" ] ],
        "sample.geo_run_id_and_position_and_slot" : [ [ "2257_4_1" ] ],
        "sample.geo_targeted_resequencing" : [ [ "SureSelect v4" ] ],
        "sample.geo_template_id" : [ [ "75553" ] ],
        "sample.geo_template_type" : [ [ "Illumina PE Library Seq" ] ],
        "sample.geo_tissue_origin" : [ [ "Le" ] ],
        "sample.geo_tissue_type" : [ [ "R" ] ]
      },
      "sequencerRunName" : [ "150414_D00331_0135_AC6JNJANXX" ],
      "sequencerRunAttributes" : {
        "sequencerrun.geo_instrument_run_id" : [ [ "2257" ] ]
      },
      "laneName" : [ "150414_D00331_0135_AC6JNJANXX_lane_4" ],
      "laneAttributes" : {
        "lane.geo_lane" : [ [ "4" ] ]
      },
      "iusTag" : [ "AACAACCA" ],
      "iusAttributes" : { },
      "workflowName" : [ "BamFilterMergeCollapse" ],
      "processingAlgorithm" : [ "ProvisionFiles" ],
      "processingAttributes" : { },
      "fileMetaType" : [ "application/bam-index" ],
      "fileAttributes" : { },
      "fileId" : 1205568068
    }, {
      "studyTitle" : [ "SteveGallingerEarlyCRCAshton" ],
      "studyAttributes" : {
        "study.geo_lab_group_id" : [ [ "198" ] ]
      },
      "experimentName" : [ "Geo_SteveGallingerEarlyCRCAshton_ILLUMINA_EX_{F*126}{..}{R*126}" ],
      "experimentAttributes" : { },
      "sampleName" : [ "FGICA_0005_Le_R_PE_302_EX" ],
      "sampleAttributes" : {
        "sample.geo_library_source_template_type" : [ [ "EX" ] ],
        "sample.geo_prep_kit" : [ [ "Agilent SureSelect XT" ] ],
        "sample.geo_run_id_and_position_and_slot" : [ [ "2257_4_1" ] ],
        "sample.geo_targeted_resequencing" : [ [ "SureSelect v4" ] ],
        "sample.geo_template_id" : [ [ "75553" ] ],
        "sample.geo_template_type" : [ [ "Illumina PE Library Seq" ] ],
        "sample.geo_tissue_origin" : [ [ "Le" ] ],
        "sample.geo_tissue_type" : [ [ "R" ] ]
      },
      "sequencerRunName" : [ "150414_D00331_0135_AC6JNJANXX" ],
      "sequencerRunAttributes" : {
        "sequencerrun.geo_instrument_run_id" : [ [ "2257" ] ]
      },
      "laneName" : [ "150414_D00331_0135_AC6JNJANXX_lane_4" ],
      "laneAttributes" : {
        "lane.geo_lane" : [ [ "4" ] ]
      },
      "iusTag" : [ "AACAACCA" ],
      "iusAttributes" : { },
      "workflowName" : [ "BamFilterMergeCollapse" ],
      "processingAlgorithm" : [ "ProvisionFiles" ],
      "processingAttributes" : { },
      "fileMetaType" : [ "application/bam" ],
      "fileAttributes" : { },
      "fileId" : 1205568072
    }, {
      "studyTitle" : [ "SteveGallingerEarlyCRCAshton" ],
      "studyAttributes" : {
        "study.geo_lab_group_id" : [ [ "198" ] ]
      },
      "experimentName" : [ "Geo_SteveGallingerEarlyCRCAshton_ILLUMINA_EX_{F*126}{..}{R*126}" ],
      "experimentAttributes" : { },
      "sampleName" : [ "FGICA_0006_Le_R_PE_325_EX" ],
      "sampleAttributes" : {
        "sample.geo_library_source_template_type" : [ [ "EX" ] ],
        "sample.geo_prep_kit" : [ [ "Agilent SureSelect XT" ] ],
        "sample.geo_run_id_and_position_and_slot" : [ [ "2257_4_1" ] ],
        "sample.geo_targeted_resequencing" : [ [ "SureSelect v4" ] ],
        "sample.geo_template_id" : [ [ "75554" ] ],
        "sample.geo_template_type" : [ [ "Illumina PE Library Seq" ] ],
        "sample.geo_tissue_origin" : [ [ "Le" ] ],
        "sample.geo_tissue_type" : [ [ "R" ] ]
      },
      "sequencerRunName" : [ "150414_D00331_0135_AC6JNJANXX" ],
      "sequencerRunAttributes" : {
        "sequencerrun.geo_instrument_run_id" : [ [ "2257" ] ]
      },
      "laneName" : [ "150414_D00331_0135_AC6JNJANXX_lane_4" ],
      "laneAttributes" : {
        "lane.geo_lane" : [ [ "4" ] ]
      },
      "iusTag" : [ "AACCGAGA" ],
      "iusAttributes" : { },
      "workflowName" : [ "BamFilterMergeCollapse" ],
      "processingAlgorithm" : [ "ProvisionFiles" ],
      "processingAttributes" : { },
      "fileMetaType" : [ "application/bam-index" ],
      "fileAttributes" : { },
      "fileId" : -656601033
    }, {
      "studyTitle" : [ "SteveGallingerEarlyCRCAshton" ],
      "studyAttributes" : {
        "study.geo_lab_group_id" : [ [ "198" ] ]
      },
      "experimentName" : [ "Geo_SteveGallingerEarlyCRCAshton_ILLUMINA_EX_{F*126}{..}{R*126}" ],
      "experimentAttributes" : { },
      "sampleName" : [ "FGICA_0006_Le_R_PE_325_EX" ],
      "sampleAttributes" : {
        "sample.geo_library_source_template_type" : [ [ "EX" ] ],
        "sample.geo_prep_kit" : [ [ "Agilent SureSelect XT" ] ],
        "sample.geo_run_id_and_position_and_slot" : [ [ "2257_4_1" ] ],
        "sample.geo_targeted_resequencing" : [ [ "SureSelect v4" ] ],
        "sample.geo_template_id" : [ [ "75554" ] ],
        "sample.geo_template_type" : [ [ "Illumina PE Library Seq" ] ],
        "sample.geo_tissue_origin" : [ [ "Le" ] ],
        "sample.geo_tissue_type" : [ [ "R" ] ]
      },
      "sequencerRunName" : [ "150414_D00331_0135_AC6JNJANXX" ],
      "sequencerRunAttributes" : {
        "sequencerrun.geo_instrument_run_id" : [ [ "2257" ] ]
      },
      "laneName" : [ "150414_D00331_0135_AC6JNJANXX_lane_4" ],
      "laneAttributes" : {
        "lane.geo_lane" : [ [ "4" ] ]
      },
      "iusTag" : [ "AACCGAGA" ],
      "iusAttributes" : { },
      "workflowName" : [ "BamFilterMergeCollapse" ],
      "processingAlgorithm" : [ "ProvisionFiles" ],
      "processingAttributes" : { },
      "fileMetaType" : [ "application/bam" ],
      "fileAttributes" : { },
      "fileId" : -656601029
    }, {
      "studyTitle" : [ "SteveGallingerEarlyCRCAshton" ],
      "studyAttributes" : {
        "study.geo_lab_group_id" : [ [ "198" ] ]
      },
      "experimentName" : [ "Geo_SteveGallingerEarlyCRCAshton_ILLUMINA_EX_{F*126}{..}{R*126}" ],
      "experimentAttributes" : { },
      "sampleName" : [ "FGICA_0007_Le_R_PE_330_EX" ],
      "sampleAttributes" : {
        "sample.geo_library_source_template_type" : [ [ "EX" ] ],
        "sample.geo_prep_kit" : [ [ "Agilent SureSelect XT" ] ],
        "sample.geo_run_id_and_position_and_slot" : [ [ "2257_4_1" ] ],
        "sample.geo_targeted_resequencing" : [ [ "SureSelect v4" ] ],
        "sample.geo_template_id" : [ [ "75555" ] ],
        "sample.geo_template_type" : [ [ "Illumina PE Library Seq" ] ],
        "sample.geo_tissue_origin" : [ [ "Le" ] ],
        "sample.geo_tissue_type" : [ [ "R" ] ]
      },
      "sequencerRunName" : [ "150414_D00331_0135_AC6JNJANXX" ],
      "sequencerRunAttributes" : {
        "sequencerrun.geo_instrument_run_id" : [ [ "2257" ] ]
      },
      "laneName" : [ "150414_D00331_0135_AC6JNJANXX_lane_4" ],
      "laneAttributes" : {
        "lane.geo_lane" : [ [ "4" ] ]
      },
      "iusTag" : [ "AACGCTTA" ],
      "iusAttributes" : { },
      "workflowName" : [ "BamFilterMergeCollapse" ],
      "processingAlgorithm" : [ "ProvisionFiles" ],
      "processingAttributes" : { },
      "fileMetaType" : [ "application/bam-index" ],
      "fileAttributes" : { },
      "fileId" : 1913660286
    }, {
      "studyTitle" : [ "SteveGallingerEarlyCRCAshton" ],
      "studyAttributes" : {
        "study.geo_lab_group_id" : [ [ "198" ] ]
      },
      "experimentName" : [ "Geo_SteveGallingerEarlyCRCAshton_ILLUMINA_EX_{F*126}{..}{R*126}" ],
      "experimentAttributes" : { },
      "sampleName" : [ "FGICA_0007_Le_R_PE_330_EX" ],
      "sampleAttributes" : {
        "sample.geo_library_source_template_type" : [ [ "EX" ] ],
        "sample.geo_prep_kit" : [ [ "Agilent SureSelect XT" ] ],
        "sample.geo_run_id_and_position_and_slot" : [ [ "2257_4_1" ] ],
        "sample.geo_targeted_resequencing" : [ [ "SureSelect v4" ] ],
        "sample.geo_template_id" : [ [ "75555" ] ],
        "sample.geo_template_type" : [ [ "Illumina PE Library Seq" ] ],
        "sample.geo_tissue_origin" : [ [ "Le" ] ],
        "sample.geo_tissue_type" : [ [ "R" ] ]
      },
      "sequencerRunName" : [ "150414_D00331_0135_AC6JNJANXX" ],
      "sequencerRunAttributes" : {
        "sequencerrun.geo_instrument_run_id" : [ [ "2257" ] ]
      },
      "laneName" : [ "150414_D00331_0135_AC6JNJANXX_lane_4" ],
      "laneAttributes" : {
        "lane.geo_lane" : [ [ "4" ] ]
      },
      "iusTag" : [ "AACGCTTA" ],
      "iusAttributes" : { },
      "workflowName" : [ "BamFilterMergeCollapse" ],
      "processingAlgorithm" : [ "ProvisionFiles" ],
      "processingAttributes" : { },
      "fileMetaType" : [ "application/bam" ],
      "fileAttributes" : { },
      "fileId" : 1913660290
    } ]
  } ]
}