{
  "workflowRunCount" : 1,
  "studies" : [ "HALT" ],
  "sequencerRuns" : [ "140527_SN7001179_0189_AC4D1DACXX", "150617_D00331_0137_BC6VU3ANXX" ],
  "lanes" : [ "140527_SN7001179_0189_AC4D1DACXX_lane_2", "140527_SN7001179_0189_AC4D1DACXX_lane_3", "150617_D00331_0137_BC6VU3ANXX_lane_5" ],
  "samples" : [ "HALT_0078_Bm_R_PE_387_EX", "HALT_0078_Pb_P_PE_412_EX", "HALT_0078_Pb_R_PE_404_EX", "HALT_0078_Pb_R_PE_421_EX" ],
  "workflows" : [ "BamFilterMergeCollapse" ],
  "processingAlgorithms" : [ "ProvisionFiles" ],
  "fileMetaTypes" : [ "application/bam", "application/bam-index" ],
  "maxInputFiles" : 8,
  "minInputFiles" : 8,
  "totalInputFiles" : 8,
  "maxOutputFileProvenanceRecords" : 4,
  "minOutputFileProvenanceRecords" : 4,
  "totalOutputFileProvenanceRecords" : 4,
  "workflowRuns" : [ {
    "workflowIni" : {
      "chr_sizes" : "chr1,chr2,chr3,chr4,chr5,chr6,chr7,chr8,chr9,chr10,chr11,chr12,chr13,chr14,chr15,chr16,chr17,chr18,chr19,chr20,chr21,chr22,chrX,chrY",
      "gatk_dbsnp_vcf" : "/oicr/data/genomes/homo_sapiens_mc/gatkResourceBundle/2.5/dbsnp_137.hg19.vcf",
      "gatk_haplotype_caller_threads" : "8",
      "gatk_haplotype_caller_xmx" : "12",
      "gatk_key" : "/.mounts/labs/PDE/data/gatkAnnotationResources/GATK_public.key",
      "gatk_sched_overhead_mem" : "4",
      "gatk_unified_genotyper_params" : "--disable_auto_index_creation_and_locking_when_reading_rods",
      "gatk_unified_genotyper_threads" : "8",
      "gatk_unified_genotyper_xmx" : "12",
      "haplotype_caller_genotyping_mode" : "discovery",
      "haplotype_caller_output_mode" : "emit_variants_only",
      "identifier" : "HALT_0078_EX",
      "interval_files" : "/.mounts/labs/PDE/data/TargetedSequencingQC/Agilent.SureSelect.All.Exon.V4/SureSelect_All_Exon_V4_Covered_Sorted.bed",
      "interval_padding" : "100",
      "java" : "${workflow_bundle_dir}/Workflow_Bundle_GATK3/1.3/bin/jre1.8.0_45/bin/java",
      "manual_output" : "false",
      "metadata" : "metadata",
      "output_dir" : "seqware-results",
      "perl" : "perl",
      "ref_fasta" : "/.mounts/labs/PDE/data/gatkAnnotationResources/hg19_random.fa",
      "stand_call_conf" : "30",
      "stand_emit_conf" : "1",
      "tabix_dir" : "${workflow_bundle_dir}/Workflow_Bundle_GATK3/1.3/bin/tabix-0.2.6/",
      "variant_caller" : "haplotype_caller"
    },
    "files" : [ {
      "studyTitle" : [ "HALT" ],
      "studyAttributes" : {
        "geo_lab_group_id" : [ [ "154" ] ]
      },
      "experimentName" : [ ],
      "experimentAttributes" : { },
      "sampleName" : [ "HALT_0078_Bm_R_PE_387_EX" ],
      "sampleAttributes" : {
        "geo_external_name" : [ [ "CIRM31000519 and CIRM31000520" ] ],
        "geo_group_id" : [ [ "31001418" ] ],
        "geo_library_source_template_type" : [ [ "EX" ] ],
        "geo_organism" : [ [ "Homo sapiens" ] ],
        "geo_prep_kit" : [ [ "Agilent SureSelect XT" ] ],
        "geo_purpose" : [ [ "Library", "Stock" ] ],
        "geo_receive_date" : [ [ "2015-03-30" ] ],
        "geo_run_id_and_position_and_slot" : [ [ "2283_5_2", "2286_5_2" ] ],
        "geo_str_result" : [ [ "Submitted" ] ],
        "geo_targeted_resequencing" : [ [ "SureSelect v4" ] ],
        "geo_template_id" : [ [ "31416", "77189", "77234", "77989", "78032" ] ],
        "geo_template_type" : [ [ "Identity", "Illumina PE Library", "Illumina PE Library Seq", "gDNA" ] ],
        "geo_tissue_origin" : [ [ "Bm" ] ],
        "geo_tissue_type" : [ [ "R" ] ]
      },
      "sequencerRunName" : [ "150617_D00331_0137_BC6VU3ANXX" ],
      "sequencerRunAttributes" : {
        "geo_instrument_run_id" : [ [ "2286" ] ]
      },
      "laneName" : [ "150617_D00331_0137_BC6VU3ANXX_lane_5" ],
      "laneAttributes" : {
        "geo_lane" : [ [ "5" ] ]
      },
      "iusTag" : [ "AGAGTCAA" ],
      "iusAttributes" : { },
      "workflowName" : [ "BamFilterMergeCollapse" ],
      "processingAlgorithm" : [ "ProvisionFiles" ],
      "processingAttributes" : { },
      "fileMetaType" : [ "application/bam-index" ],
      "fileAttributes" : { },
      "fileId" : -1840660998
    }, {
      "studyTitle" : [ "HALT" ],
      "studyAttributes" : {
        "geo_lab_group_id" : [ [ "154" ] ]
      },
      "experimentName" : [ ],
      "experimentAttributes" : { },
      "sampleName" : [ "HALT_0078_Bm_R_PE_387_EX" ],
      "sampleAttributes" : {
        "geo_external_name" : [ [ "CIRM31000519 and CIRM31000520" ] ],
        "geo_group_id" : [ [ "31001418" ] ],
        "geo_library_source_template_type" : [ [ "EX" ] ],
        "geo_organism" : [ [ "Homo sapiens" ] ],
        "geo_prep_kit" : [ [ "Agilent SureSelect XT" ] ],
        "geo_purpose" : [ [ "Library", "Stock" ] ],
        "geo_receive_date" : [ [ "2015-03-30" ] ],
        "geo_run_id_and_position_and_slot" : [ [ "2283_5_2", "2286_5_2" ] ],
        "geo_str_result" : [ [ "Submitted" ] ],
        "geo_targeted_resequencing" : [ [ "SureSelect v4" ] ],
        "geo_template_id" : [ [ "31416", "77189", "77234", "77989", "78032" ] ],
        "geo_template_type" : [ [ "Identity", "Illumina PE Library", "Illumina PE Library Seq", "gDNA" ] ],
        "geo_tissue_origin" : [ [ "Bm" ] ],
        "geo_tissue_type" : [ [ "R" ] ]
      },
      "sequencerRunName" : [ "150617_D00331_0137_BC6VU3ANXX" ],
      "sequencerRunAttributes" : {
        "geo_instrument_run_id" : [ [ "2286" ] ]
      },
      "laneName" : [ "150617_D00331_0137_BC6VU3ANXX_lane_5" ],
      "laneAttributes" : {
        "geo_lane" : [ [ "5" ] ]
      },
      "iusTag" : [ "AGAGTCAA" ],
      "iusAttributes" : { },
      "workflowName" : [ "BamFilterMergeCollapse" ],
      "processingAlgorithm" : [ "ProvisionFiles" ],
      "processingAttributes" : { },
      "fileMetaType" : [ "application/bam" ],
      "fileAttributes" : { },
      "fileId" : -1840660994
    }, {
      "studyTitle" : [ "HALT" ],
      "studyAttributes" : {
        "geo_lab_group_id" : [ [ "154" ] ]
      },
      "experimentName" : [ ],
      "experimentAttributes" : { },
      "sampleName" : [ "HALT_0078_Pb_P_PE_412_EX" ],
      "sampleAttributes" : {
        "geo_external_name" : [ [ "2011-04-19", "CIRM31000519 and CIRM31000520" ] ],
        "geo_group_id" : [ [ "31001140" ] ],
        "geo_library_source_template_type" : [ [ "EX" ] ],
        "geo_organism" : [ [ "Homo sapiens" ] ],
        "geo_purpose" : [ [ "2011-04-19", "Library", "Stock" ] ],
        "geo_run_id_and_position_and_slot" : [ [ "1918_2_1" ] ],
        "geo_str_result" : [ [ "2011-04-19", "Pass" ] ],
        "geo_targeted_resequencing" : [ [ "Agilent SureSelect ICGC/Sanger Exon" ] ],
        "geo_template_id" : [ [ "31416", "56964", "58339", "60340", "60396" ] ],
        "geo_template_type" : [ [ "Identity", "Illumina PE Library", "Illumina PE Library Seq", "gDNA", "gDNA_wga" ] ],
        "geo_tissue_origin" : [ [ "Pb" ] ],
        "geo_tissue_type" : [ [ "P" ] ]
      },
      "sequencerRunName" : [ "140527_SN7001179_0189_AC4D1DACXX" ],
      "sequencerRunAttributes" : {
        "geo_instrument_run_id" : [ [ "1918" ] ]
      },
      "laneName" : [ "140527_SN7001179_0189_AC4D1DACXX_lane_2" ],
      "laneAttributes" : {
        "geo_lane" : [ [ "2" ] ]
      },
      "iusTag" : [ "CAACCACA" ],
      "iusAttributes" : { },
      "workflowName" : [ "BamFilterMergeCollapse" ],
      "processingAlgorithm" : [ "ProvisionFiles" ],
      "processingAttributes" : { },
      "fileMetaType" : [ "application/bam-index" ],
      "fileAttributes" : { },
      "fileId" : 7819496
    }, {
      "studyTitle" : [ "HALT" ],
      "studyAttributes" : {
        "geo_lab_group_id" : [ [ "154" ] ]
      },
      "experimentName" : [ ],
      "experimentAttributes" : { },
      "sampleName" : [ "HALT_0078_Pb_P_PE_412_EX" ],
      "sampleAttributes" : {
        "geo_external_name" : [ [ "2011-04-19", "CIRM31000519 and CIRM31000520" ] ],
        "geo_group_id" : [ [ "31001140" ] ],
        "geo_library_source_template_type" : [ [ "EX" ] ],
        "geo_organism" : [ [ "Homo sapiens" ] ],
        "geo_purpose" : [ [ "2011-04-19", "Library", "Stock" ] ],
        "geo_run_id_and_position_and_slot" : [ [ "1918_2_1" ] ],
        "geo_str_result" : [ [ "2011-04-19", "Pass" ] ],
        "geo_targeted_resequencing" : [ [ "Agilent SureSelect ICGC/Sanger Exon" ] ],
        "geo_template_id" : [ [ "31416", "56964", "58339", "60340", "60396" ] ],
        "geo_template_type" : [ [ "Identity", "Illumina PE Library", "Illumina PE Library Seq", "gDNA", "gDNA_wga" ] ],
        "geo_tissue_origin" : [ [ "Pb" ] ],
        "geo_tissue_type" : [ [ "P" ] ]
      },
      "sequencerRunName" : [ "140527_SN7001179_0189_AC4D1DACXX" ],
      "sequencerRunAttributes" : {
        "geo_instrument_run_id" : [ [ "1918" ] ]
      },
      "laneName" : [ "140527_SN7001179_0189_AC4D1DACXX_lane_2" ],
      "laneAttributes" : {
        "geo_lane" : [ [ "2" ] ]
      },
      "iusTag" : [ "CAACCACA" ],
      "iusAttributes" : { },
      "workflowName" : [ "BamFilterMergeCollapse" ],
      "processingAlgorithm" : [ "ProvisionFiles" ],
      "processingAttributes" : { },
      "fileMetaType" : [ "application/bam" ],
      "fileAttributes" : { },
      "fileId" : 7819500
    }, {
      "studyTitle" : [ "HALT" ],
      "studyAttributes" : {
        "geo_lab_group_id" : [ [ "154" ] ]
      },
      "experimentName" : [ ],
      "experimentAttributes" : { },
      "sampleName" : [ "HALT_0078_Pb_R_PE_404_EX" ],
      "sampleAttributes" : {
        "geo_external_name" : [ [ "2011-04-19", "CIRM31000519 and CIRM31000520" ] ],
        "geo_group_id" : [ [ "31001142" ] ],
        "geo_library_source_template_type" : [ [ "EX" ] ],
        "geo_organism" : [ [ "Homo sapiens" ] ],
        "geo_purpose" : [ [ "2011-04-19", "Library", "Stock" ] ],
        "geo_run_id_and_position_and_slot" : [ [ "1918_3_1" ] ],
        "geo_str_result" : [ [ "2011-04-19", "Pass" ] ],
        "geo_targeted_resequencing" : [ [ "Agilent SureSelect ICGC/Sanger Exon" ] ],
        "geo_template_id" : [ [ "31416", "56966", "58341", "60342", "60398" ] ],
        "geo_template_type" : [ [ "Identity", "Illumina PE Library", "Illumina PE Library Seq", "gDNA" ] ],
        "geo_tissue_origin" : [ [ "Pb" ] ],
        "geo_tissue_type" : [ [ "R" ] ]
      },
      "sequencerRunName" : [ "140527_SN7001179_0189_AC4D1DACXX" ],
      "sequencerRunAttributes" : {
        "geo_instrument_run_id" : [ [ "1918" ] ]
      },
      "laneName" : [ "140527_SN7001179_0189_AC4D1DACXX_lane_3" ],
      "laneAttributes" : {
        "geo_lane" : [ [ "3" ] ]
      },
      "iusTag" : [ "GAATCTGA" ],
      "iusAttributes" : { },
      "workflowName" : [ "BamFilterMergeCollapse" ],
      "processingAlgorithm" : [ "ProvisionFiles" ],
      "processingAttributes" : { },
      "fileMetaType" : [ "application/bam-index" ],
      "fileAttributes" : { },
      "fileId" : -287731126
    }, {
      "studyTitle" : [ "HALT" ],
      "studyAttributes" : {
        "geo_lab_group_id" : [ [ "154" ] ]
      },
      "experimentName" : [ ],
      "experimentAttributes" : { },
      "sampleName" : [ "HALT_0078_Pb_R_PE_404_EX" ],
      "sampleAttributes" : {
        "geo_external_name" : [ [ "2011-04-19", "CIRM31000519 and CIRM31000520" ] ],
        "geo_group_id" : [ [ "31001142" ] ],
        "geo_library_source_template_type" : [ [ "EX" ] ],
        "geo_organism" : [ [ "Homo sapiens" ] ],
        "geo_purpose" : [ [ "2011-04-19", "Library", "Stock" ] ],
        "geo_run_id_and_position_and_slot" : [ [ "1918_3_1" ] ],
        "geo_str_result" : [ [ "2011-04-19", "Pass" ] ],
        "geo_targeted_resequencing" : [ [ "Agilent SureSelect ICGC/Sanger Exon" ] ],
        "geo_template_id" : [ [ "31416", "56966", "58341", "60342", "60398" ] ],
        "geo_template_type" : [ [ "Identity", "Illumina PE Library", "Illumina PE Library Seq", "gDNA" ] ],
        "geo_tissue_origin" : [ [ "Pb" ] ],
        "geo_tissue_type" : [ [ "R" ] ]
      },
      "sequencerRunName" : [ "140527_SN7001179_0189_AC4D1DACXX" ],
      "sequencerRunAttributes" : {
        "geo_instrument_run_id" : [ [ "1918" ] ]
      },
      "laneName" : [ "140527_SN7001179_0189_AC4D1DACXX_lane_3" ],
      "laneAttributes" : {
        "geo_lane" : [ [ "3" ] ]
      },
      "iusTag" : [ "GAATCTGA" ],
      "iusAttributes" : { },
      "workflowName" : [ "BamFilterMergeCollapse" ],
      "processingAlgorithm" : [ "ProvisionFiles" ],
      "processingAttributes" : { },
      "fileMetaType" : [ "application/bam" ],
      "fileAttributes" : { },
      "fileId" : -287731122
    }, {
      "studyTitle" : [ "HALT" ],
      "studyAttributes" : {
        "geo_lab_group_id" : [ [ "154" ] ]
      },
      "experimentName" : [ ],
      "experimentAttributes" : { },
      "sampleName" : [ "HALT_0078_Pb_R_PE_421_EX" ],
      "sampleAttributes" : {
        "geo_external_name" : [ [ "2011-04-19", "CIRM31000519 and CIRM31000520" ] ],
        "geo_group_id" : [ [ "31001141" ] ],
        "geo_library_source_template_type" : [ [ "EX" ] ],
        "geo_organism" : [ [ "Homo sapiens" ] ],
        "geo_purpose" : [ [ "2011-04-19", "Library", "Stock" ] ],
        "geo_run_id_and_position_and_slot" : [ [ "1918_3_1" ] ],
        "geo_str_result" : [ [ "2011-04-19", "Pass" ] ],
        "geo_targeted_resequencing" : [ [ "Agilent SureSelect ICGC/Sanger Exon" ] ],
        "geo_template_id" : [ [ "31416", "56965", "58340", "60341", "60397" ] ],
        "geo_template_type" : [ [ "Identity", "Illumina PE Library", "Illumina PE Library Seq", "gDNA" ] ],
        "geo_tissue_origin" : [ [ "Pb" ] ],
        "geo_tissue_type" : [ [ "R" ] ]
      },
      "sequencerRunName" : [ "140527_SN7001179_0189_AC4D1DACXX" ],
      "sequencerRunAttributes" : {
        "geo_instrument_run_id" : [ [ "1918" ] ]
      },
      "laneName" : [ "140527_SN7001179_0189_AC4D1DACXX_lane_3" ],
      "laneAttributes" : {
        "geo_lane" : [ [ "3" ] ]
      },
      "iusTag" : [ "CCGTGAGA" ],
      "iusAttributes" : { },
      "workflowName" : [ "BamFilterMergeCollapse" ],
      "processingAlgorithm" : [ "ProvisionFiles" ],
      "processingAttributes" : { },
      "fileMetaType" : [ "application/bam-index" ],
      "fileAttributes" : { },
      "fileId" : 1723536397
    }, {
      "studyTitle" : [ "HALT" ],
      "studyAttributes" : {
        "geo_lab_group_id" : [ [ "154" ] ]
      },
      "experimentName" : [ ],
      "experimentAttributes" : { },
      "sampleName" : [ "HALT_0078_Pb_R_PE_421_EX" ],
      "sampleAttributes" : {
        "geo_external_name" : [ [ "2011-04-19", "CIRM31000519 and CIRM31000520" ] ],
        "geo_group_id" : [ [ "31001141" ] ],
        "geo_library_source_template_type" : [ [ "EX" ] ],
        "geo_organism" : [ [ "Homo sapiens" ] ],
        "geo_purpose" : [ [ "2011-04-19", "Library", "Stock" ] ],
        "geo_run_id_and_position_and_slot" : [ [ "1918_3_1" ] ],
        "geo_str_result" : [ [ "2011-04-19", "Pass" ] ],
        "geo_targeted_resequencing" : [ [ "Agilent SureSelect ICGC/Sanger Exon" ] ],
        "geo_template_id" : [ [ "31416", "56965", "58340", "60341", "60397" ] ],
        "geo_template_type" : [ [ "Identity", "Illumina PE Library", "Illumina PE Library Seq", "gDNA" ] ],
        "geo_tissue_origin" : [ [ "Pb" ] ],
        "geo_tissue_type" : [ [ "R" ] ]
      },
      "sequencerRunName" : [ "140527_SN7001179_0189_AC4D1DACXX" ],
      "sequencerRunAttributes" : {
        "geo_instrument_run_id" : [ [ "1918" ] ]
      },
      "laneName" : [ "140527_SN7001179_0189_AC4D1DACXX_lane_3" ],
      "laneAttributes" : {
        "geo_lane" : [ [ "3" ] ]
      },
      "iusTag" : [ "CCGTGAGA" ],
      "iusAttributes" : { },
      "workflowName" : [ "BamFilterMergeCollapse" ],
      "processingAlgorithm" : [ "ProvisionFiles" ],
      "processingAttributes" : { },
      "fileMetaType" : [ "application/bam" ],
      "fileAttributes" : { },
      "fileId" : 1723536401
    } ],
    "outputFileProvenanceRecords" : 4
  } ]
}