{
  "workflowRunCount" : 2,
  "studies" : [ "JDRT" ],
  "sequencerRuns" : [ "150305_D00353_0095_AC6DN8ANXX", "150325_D00343_0082_BC6DRRANXX", "150408_D00355_0084_BC6DB1ANXX" ],
  "lanes" : [ "150305_D00353_0095_AC6DN8ANXX_lane_1", "150325_D00343_0082_BC6DRRANXX_lane_3", "150325_D00343_0082_BC6DRRANXX_lane_5", "150408_D00355_0084_BC6DB1ANXX_lane_6" ],
  "samples" : [ "JDRT_0058_nn_T_PE_289_EX", "JDRT_0063_nn_T_PE_358_EX" ],
  "workflows" : [ "BamFilterMergeCollapse" ],
  "processingAlgorithms" : [ "ProvisionFiles" ],
  "fileMetaTypes" : [ "application/bam", "application/bam-index" ],
  "maxInputFiles" : 2,
  "minInputFiles" : 2,
  "totalInputFiles" : 4,
  "workflowRuns" : [ {
    "workflowIni" : {
      "bqsr_covariates" : "ReadGroupCovariate,QualityScoreCovariate,CycleCovariate,ContextCovariate,RepeatLengthCovariate,RepeatUnitCovariate,RepeatUnitAndLengthCovariate",
      "chr_sizes" : "chr1,chr2,chr3,chr4,chr5,chr6,chr7,chr8,chr9,chr10,chr11,chr12,chr13,chr14,chr15,chr16,chr17,chr18,chr19,chr20,chr21,chr22,chrX,chrY",
      "gatk_base_recalibrator_mem" : "9728",
      "gatk_base_recalibrator_nct" : "24",
      "gatk_base_recalibrator_smp" : "20",
      "gatk_base_recalibrator_xmx" : "8192",
      "gatk_combine_gvcfs_xmx" : "4",
      "gatk_dbsnp_vcf" : "/oicr/data/genomes/homo_sapiens_mc/gatkResourceBundle/2.5/dbsnp_137.hg19.vcf",
      "gatk_haplotype_caller_threads" : "8",
      "gatk_haplotype_caller_xmx" : "12",
      "gatk_indel_realigner_xmx" : "12",
      "gatk_key" : "/.mounts/labs/PDE/data/gatkAnnotationResources/GATK_public.key",
      "gatk_print_reads_xmx" : "12",
      "gatk_realign_target_creator_xmx" : "12",
      "gatk_sched_overhead_mem" : "4",
      "identifier" : "JDRT_0058_nn_P_EX",
      "interval_files" : "/.mounts/labs/PDE/data/TargetedSequencingQC/Agilent.SureSelect.All.Exon.V4/SureSelect_All_Exon_V4_Covered_Sorted.bed",
      "interval_padding" : "100",
      "java" : "${workflow_bundle_dir}/Workflow_Bundle_GATKHaplotypeCaller/1.1/bin/jre1.7.0_51/bin/java",
      "manual_output" : "false",
      "metadata" : "metadata",
      "output_dir" : "seqware-results",
      "r_dir" : "/oicr/local/analysis/sw/R/R-3.1.0/",
      "ref_fasta" : "/.mounts/labs/PDE/data/gatkAnnotationResources/hg19_random.fa"
    },
    "files" : [ {
      "studyTitle" : [ "JDRT" ],
      "studyAttributes" : {
        "geo_lab_group_id" : [ [ "191" ] ]
      },
      "experimentName" : [ ],
      "experimentAttributes" : { },
      "sampleName" : [ "JDRT_0058_nn_T_PE_289_EX" ],
      "sampleAttributes" : {
        "geo_external_name" : [ [ "166003 166319 166318" ] ],
        "geo_library_source_template_type" : [ [ "EX" ] ],
        "geo_organism" : [ [ "Homo sapiens" ] ],
        "geo_prep_kit" : [ [ "Agilent SureSelect XT2" ] ],
        "geo_purpose" : [ [ "Stock" ] ],
        "geo_receive_date" : [ [ "2015-01-21" ] ],
        "geo_run_id_and_position_and_slot" : [ [ "2246_1_1", "2249_3_2" ] ],
        "geo_str_result" : [ [ "Not Submitted" ] ],
        "geo_targeted_resequencing" : [ [ "SureSelect v4" ] ],
        "geo_template_id" : [ [ "71259", "71265", "72061", "72093" ] ],
        "geo_template_type" : [ [ "Identity", "Illumina PE Library", "Illumina PE Library Seq", "gDNA" ] ],
        "geo_tissue_origin" : [ [ "nn" ] ],
        "geo_tissue_type" : [ [ "P" ] ]
      },
      "sequencerRunName" : [ "150305_D00353_0095_AC6DN8ANXX", "150325_D00343_0082_BC6DRRANXX" ],
      "sequencerRunAttributes" : {
        "geo_instrument_run_id" : [ [ "2246" ], [ "2249" ] ]
      },
      "laneName" : [ "150305_D00353_0095_AC6DN8ANXX_lane_1", "150325_D00343_0082_BC6DRRANXX_lane_3" ],
      "laneAttributes" : {
        "geo_lane" : [ [ "1" ], [ "3" ] ]
      },
      "iusTag" : [ "AGAGTCAA" ],
      "iusAttributes" : { },
      "workflowName" : [ "BamFilterMergeCollapse" ],
      "processingAlgorithm" : [ "ProvisionFiles" ],
      "processingAttributes" : { },
      "fileMetaType" : [ "application/bam-index" ],
      "fileAttributes" : { },
      "fileId" : -1190397707
    }, {
      "studyTitle" : [ "JDRT" ],
      "studyAttributes" : {
        "geo_lab_group_id" : [ [ "191" ] ]
      },
      "experimentName" : [ ],
      "experimentAttributes" : { },
      "sampleName" : [ "JDRT_0058_nn_T_PE_289_EX" ],
      "sampleAttributes" : {
        "geo_external_name" : [ [ "166003 166319 166318" ] ],
        "geo_library_source_template_type" : [ [ "EX" ] ],
        "geo_organism" : [ [ "Homo sapiens" ] ],
        "geo_prep_kit" : [ [ "Agilent SureSelect XT2" ] ],
        "geo_purpose" : [ [ "Stock" ] ],
        "geo_receive_date" : [ [ "2015-01-21" ] ],
        "geo_run_id_and_position_and_slot" : [ [ "2246_1_1", "2249_3_2" ] ],
        "geo_str_result" : [ [ "Not Submitted" ] ],
        "geo_targeted_resequencing" : [ [ "SureSelect v4" ] ],
        "geo_template_id" : [ [ "71259", "71265", "72061", "72093" ] ],
        "geo_template_type" : [ [ "Identity", "Illumina PE Library", "Illumina PE Library Seq", "gDNA" ] ],
        "geo_tissue_origin" : [ [ "nn" ] ],
        "geo_tissue_type" : [ [ "P" ] ]
      },
      "sequencerRunName" : [ "150305_D00353_0095_AC6DN8ANXX", "150325_D00343_0082_BC6DRRANXX" ],
      "sequencerRunAttributes" : {
        "geo_instrument_run_id" : [ [ "2246" ], [ "2249" ] ]
      },
      "laneName" : [ "150305_D00353_0095_AC6DN8ANXX_lane_1", "150325_D00343_0082_BC6DRRANXX_lane_3" ],
      "laneAttributes" : {
        "geo_lane" : [ [ "1" ], [ "3" ] ]
      },
      "iusTag" : [ "AGAGTCAA" ],
      "iusAttributes" : { },
      "workflowName" : [ "BamFilterMergeCollapse" ],
      "processingAlgorithm" : [ "ProvisionFiles" ],
      "processingAttributes" : { },
      "fileMetaType" : [ "application/bam" ],
      "fileAttributes" : { },
      "fileId" : -1190397703
    } ]
  }, {
    "workflowIni" : {
      "bqsr_covariates" : "ReadGroupCovariate,QualityScoreCovariate,CycleCovariate,ContextCovariate,RepeatLengthCovariate,RepeatUnitCovariate,RepeatUnitAndLengthCovariate",
      "chr_sizes" : "chr1,chr2,chr3,chr4,chr5,chr6,chr7,chr8,chr9,chr10,chr11,chr12,chr13,chr14,chr15,chr16,chr17,chr18,chr19,chr20,chr21,chr22,chrX,chrY",
      "gatk_base_recalibrator_mem" : "9728",
      "gatk_base_recalibrator_nct" : "24",
      "gatk_base_recalibrator_smp" : "20",
      "gatk_base_recalibrator_xmx" : "8192",
      "gatk_combine_gvcfs_xmx" : "4",
      "gatk_dbsnp_vcf" : "/oicr/data/genomes/homo_sapiens_mc/gatkResourceBundle/2.5/dbsnp_137.hg19.vcf",
      "gatk_haplotype_caller_threads" : "8",
      "gatk_haplotype_caller_xmx" : "12",
      "gatk_indel_realigner_xmx" : "12",
      "gatk_key" : "/.mounts/labs/PDE/data/gatkAnnotationResources/GATK_public.key",
      "gatk_print_reads_xmx" : "12",
      "gatk_realign_target_creator_xmx" : "12",
      "gatk_sched_overhead_mem" : "4",
      "identifier" : "JDRT_0063_nn_P_EX",
      "interval_files" : "/.mounts/labs/PDE/data/TargetedSequencingQC/Agilent.SureSelect.All.Exon.V4/SureSelect_All_Exon_V4_Covered_Sorted.bed",
      "interval_padding" : "100",
      "java" : "${workflow_bundle_dir}/Workflow_Bundle_GATKHaplotypeCaller/1.1/bin/jre1.7.0_51/bin/java",
      "manual_output" : "false",
      "metadata" : "metadata",
      "output_dir" : "seqware-results",
      "r_dir" : "/oicr/local/analysis/sw/R/R-3.1.0/",
      "ref_fasta" : "/.mounts/labs/PDE/data/gatkAnnotationResources/hg19_random.fa"
    },
    "files" : [ {
      "studyTitle" : [ "JDRT" ],
      "studyAttributes" : {
        "geo_lab_group_id" : [ [ "191" ] ]
      },
      "experimentName" : [ ],
      "experimentAttributes" : { },
      "sampleName" : [ "JDRT_0063_nn_T_PE_358_EX" ],
      "sampleAttributes" : {
        "geo_external_name" : [ [ "166455, 166313, 166312" ] ],
        "geo_library_source_template_type" : [ [ "EX" ] ],
        "geo_organism" : [ [ "Homo sapiens" ] ],
        "geo_prep_kit" : [ [ "Agilent SureSelect XT2" ] ],
        "geo_purpose" : [ [ "Library", "Stock" ] ],
        "geo_run_id_and_position_and_slot" : [ [ "2249_5_2", "2255_6_2" ] ],
        "geo_str_result" : [ [ "Not Submitted" ] ],
        "geo_targeted_resequencing" : [ [ "SureSelect v4" ] ],
        "geo_template_id" : [ [ "72064", "72515", "72559", "72906", "72922" ] ],
        "geo_template_type" : [ [ "Identity", "Illumina PE Library", "Illumina PE Library Seq", "gDNA" ] ],
        "geo_tissue_origin" : [ [ "nn" ] ],
        "geo_tissue_type" : [ [ "P" ] ]
      },
      "sequencerRunName" : [ "150325_D00343_0082_BC6DRRANXX", "150408_D00355_0084_BC6DB1ANXX" ],
      "sequencerRunAttributes" : {
        "geo_instrument_run_id" : [ [ "2249" ], [ "2255" ] ]
      },
      "laneName" : [ "150325_D00343_0082_BC6DRRANXX_lane_5", "150408_D00355_0084_BC6DB1ANXX_lane_6" ],
      "laneAttributes" : {
        "geo_lane" : [ [ "5" ], [ "6" ] ]
      },
      "iusTag" : [ "GAACAGGC" ],
      "iusAttributes" : { },
      "workflowName" : [ "BamFilterMergeCollapse" ],
      "processingAlgorithm" : [ "ProvisionFiles" ],
      "processingAttributes" : { },
      "fileMetaType" : [ "application/bam-index" ],
      "fileAttributes" : { },
      "fileId" : 2067568250
    }, {
      "studyTitle" : [ "JDRT" ],
      "studyAttributes" : {
        "geo_lab_group_id" : [ [ "191" ] ]
      },
      "experimentName" : [ ],
      "experimentAttributes" : { },
      "sampleName" : [ "JDRT_0063_nn_T_PE_358_EX" ],
      "sampleAttributes" : {
        "geo_external_name" : [ [ "166455, 166313, 166312" ] ],
        "geo_library_source_template_type" : [ [ "EX" ] ],
        "geo_organism" : [ [ "Homo sapiens" ] ],
        "geo_prep_kit" : [ [ "Agilent SureSelect XT2" ] ],
        "geo_purpose" : [ [ "Library", "Stock" ] ],
        "geo_run_id_and_position_and_slot" : [ [ "2249_5_2", "2255_6_2" ] ],
        "geo_str_result" : [ [ "Not Submitted" ] ],
        "geo_targeted_resequencing" : [ [ "SureSelect v4" ] ],
        "geo_template_id" : [ [ "72064", "72515", "72559", "72906", "72922" ] ],
        "geo_template_type" : [ [ "Identity", "Illumina PE Library", "Illumina PE Library Seq", "gDNA" ] ],
        "geo_tissue_origin" : [ [ "nn" ] ],
        "geo_tissue_type" : [ [ "P" ] ]
      },
      "sequencerRunName" : [ "150325_D00343_0082_BC6DRRANXX", "150408_D00355_0084_BC6DB1ANXX" ],
      "sequencerRunAttributes" : {
        "geo_instrument_run_id" : [ [ "2249" ], [ "2255" ] ]
      },
      "laneName" : [ "150325_D00343_0082_BC6DRRANXX_lane_5", "150408_D00355_0084_BC6DB1ANXX_lane_6" ],
      "laneAttributes" : {
        "geo_lane" : [ [ "5" ], [ "6" ] ]
      },
      "iusTag" : [ "GAACAGGC" ],
      "iusAttributes" : { },
      "workflowName" : [ "BamFilterMergeCollapse" ],
      "processingAlgorithm" : [ "ProvisionFiles" ],
      "processingAttributes" : { },
      "fileMetaType" : [ "application/bam" ],
      "fileAttributes" : { },
      "fileId" : 2067568254
    } ]
  } ]
}