{
  "workflowRunCount" : 1,
  "studies" : [ "BartlettTS" ],
  "sequencerRuns" : [ "130912_M00146_0025_000000000-A3HEW" ],
  "lanes" : [ "130912_M00146_0025_000000000-A3HEW_lane_1" ],
  "samples" : [ "BART_0005_Br_P_PE_255_TS" ],
  "workflows" : [ "BamFilterMergeCollapse" ],
  "processingAlgorithms" : [ "ProvisionFiles" ],
  "fileMetaTypes" : [ "application/bam", "application/bam-index" ],
  "maxInputFiles" : 2,
  "minInputFiles" : 2,
  "totalInputFiles" : 2,
  "workflowRuns" : [ {
    "workflowIni" : {
      "chr_sizes" : "chr1,chr2,chr3,chr4,chr5,chr6,chr7,chr8,chr9,chr10,chr11,chr12,chr13,chr14,chr15,chr16,chr17,chr19,chr20,chr21,chr22,chrX",
      "downsampling_type" : "NONE",
      "gatk_combine_gvcfs_xmx" : "4",
      "gatk_dbsnp_vcf" : "/oicr/data/genomes/homo_sapiens_mc/gatkResourceBundle/2.5/dbsnp_137.hg19.vcf",
      "gatk_haplotype_caller_threads" : "8",
      "gatk_haplotype_caller_xmx" : "12",
      "gatk_key" : "/.mounts/labs/PDE/data/gatkAnnotationResources/GATK_public.key",
      "gatk_sched_overhead_mem" : "4",
      "identifier" : "BART_0005_Br_P_TS",
      "interval_files" : "/.mounts/labs/PDE/data/TargetedSequencingQC/IAD40521_23_Amplicons/IAD40521_23_Amplicons.sorted.bed",
      "interval_padding" : "100",
      "java" : "${workflow_bundle_dir}/Workflow_Bundle_GATKHaplotypeCaller/1.2/bin/jre1.7.0_51/bin/java",
      "manual_output" : "false",
      "metadata" : "metadata",
      "output_dir" : "seqware-results",
      "ref_fasta" : "/.mounts/labs/PDE/data/gatkAnnotationResources/hg19_random.fa"
    },
    "files" : [ {
      "studyTitle" : [ "BartlettTS" ],
      "studyAttributes" : {
        "geo_lab_group_id" : [ [ "171" ] ]
      },
      "experimentName" : [ ],
      "experimentAttributes" : { },
      "sampleName" : [ "BART_0005_Br_P_PE_255_TS" ],
      "sampleAttributes" : {
        "geo_external_name" : [ [ "2008/441" ] ],
        "geo_library_source_template_type" : [ [ "TS" ] ],
        "geo_purpose" : [ [ "Ion Torrent", "Stock" ] ],
        "geo_run_id_and_position_and_slot" : [ [ "1568_1_1" ] ],
        "geo_str_result" : [ [ "Not Submitted" ] ],
        "geo_targeted_resequencing" : [ [ "BART_IAD40521_23" ] ],
        "geo_template_id" : [ [ "43585", "43595", "44514", "45456", "45457" ] ],
        "geo_template_type" : [ [ "Identity", "Illumina PE Library", "Illumina PE Library Seq", "gDNA" ] ],
        "geo_tissue_origin" : [ [ "Br" ] ],
        "geo_tissue_type" : [ [ "P" ] ]
      },
      "sequencerRunName" : [ "130912_M00146_0025_000000000-A3HEW" ],
      "sequencerRunAttributes" : {
        "geo_instrument_run_id" : [ [ "1568" ] ]
      },
      "laneName" : [ "130912_M00146_0025_000000000-A3HEW_lane_1" ],
      "laneAttributes" : {
        "geo_lane" : [ [ "1" ] ]
      },
      "iusTag" : [ "CAGATC" ],
      "iusAttributes" : { },
      "workflowName" : [ "BamFilterMergeCollapse" ],
      "processingAlgorithm" : [ "ProvisionFiles" ],
      "processingAttributes" : { },
      "fileMetaType" : [ "application/bam-index" ],
      "fileAttributes" : { },
      "fileId" : 1400250485
    }, {
      "studyTitle" : [ "BartlettTS" ],
      "studyAttributes" : {
        "geo_lab_group_id" : [ [ "171" ] ]
      },
      "experimentName" : [ ],
      "experimentAttributes" : { },
      "sampleName" : [ "BART_0005_Br_P_PE_255_TS" ],
      "sampleAttributes" : {
        "geo_external_name" : [ [ "2008/441" ] ],
        "geo_library_source_template_type" : [ [ "TS" ] ],
        "geo_purpose" : [ [ "Ion Torrent", "Stock" ] ],
        "geo_run_id_and_position_and_slot" : [ [ "1568_1_1" ] ],
        "geo_str_result" : [ [ "Not Submitted" ] ],
        "geo_targeted_resequencing" : [ [ "BART_IAD40521_23" ] ],
        "geo_template_id" : [ [ "43585", "43595", "44514", "45456", "45457" ] ],
        "geo_template_type" : [ [ "Identity", "Illumina PE Library", "Illumina PE Library Seq", "gDNA" ] ],
        "geo_tissue_origin" : [ [ "Br" ] ],
        "geo_tissue_type" : [ [ "P" ] ]
      },
      "sequencerRunName" : [ "130912_M00146_0025_000000000-A3HEW" ],
      "sequencerRunAttributes" : {
        "geo_instrument_run_id" : [ [ "1568" ] ]
      },
      "laneName" : [ "130912_M00146_0025_000000000-A3HEW_lane_1" ],
      "laneAttributes" : {
        "geo_lane" : [ [ "1" ] ]
      },
      "iusTag" : [ "CAGATC" ],
      "iusAttributes" : { },
      "workflowName" : [ "BamFilterMergeCollapse" ],
      "processingAlgorithm" : [ "ProvisionFiles" ],
      "processingAttributes" : { },
      "fileMetaType" : [ "application/bam" ],
      "fileAttributes" : { },
      "fileId" : 1400250489
    } ]
  } ]
}